// Jest Snapshot v1, https://goo.gl/fbAQLP

exports[`<QuivrPage /> should render and match the snapshot 1`] = `
<h1>
  <span>
    This is the QuivrPage container!
  </span>
</h1>
`;
